[?25l[?2004h                                                                                                [K
                                                                                                [K
                                                                                                [K
                                                                                                [K
                                                                                                [K
                                                                                                [K
                                                                                                [K
                                                                                                [K
                                                                                                [K
                                                                                                [K
                                                                                                [K
                                                                                                [K
                                                                                                [K
                                                                                                [K
                                                                                                [K
                                                                                                [K
                                                                                                [K
                                                                                                [K
                                                                                                [K
                                                                                                [K
                                                                                                [K
                                                                                                [K
                                                                                                [K
                                                                                                [K
                                                                                                [K
                                                                                                [K
                                                                                                [K
                                                                                                [K
────────────────────────────────────────────────────────────────────────────────────────────────────
[K
Ralph - Iteration 1/10[K
[K
Progress: No stories loaded[K
[K
Branch  main[K
[K
q quit • ↑/↓ scroll[K